/data/public/ripemangobox/Motion/StoryMotion/scripts/pulpmotion_official_baseline_eval.py:28: FutureWarning: In the future `np.bool` will be defined as the corresponding NumPy scalar.
  if not hasattr(np, name):
/data/public/ripemangobox/Motion/StoryMotion/scripts/pulpmotion_official_baseline_eval.py:28: FutureWarning: In the future `np.object` will be defined as the corresponding NumPy scalar.
  if not hasattr(np, name):
/data/public/ripemangobox/Motion/StoryMotion/scripts/pulpmotion_official_baseline_eval.py:28: FutureWarning: In the future `np.str` will be defined as the corresponding NumPy scalar.
  if not hasattr(np, name):
/home/ripemangobox/miniconda3/envs/storymotion-director-cu128/lib/python3.10/site-packages/lightning/fabric/__init__.py:41: pkg_resources is deprecated as an API. See https://setuptools.pypa.io/en/latest/pkg_resources.html. The pkg_resources package is slated for removal as early as 2025-11-30. Refrain from using this package or pin to Setuptools<81.
Seed set to 42
GPU available: True (cuda), used: True
TPU available: False, using: 0 TPU cores
IPU available: False, using: 0 IPUs
HPU available: False, using: 0 HPUs
LOCAL_RANK: 0 - CUDA_VISIBLE_DEVICES: [0]
--> CLaTr loaded from checkpoint
--> TMR loaded from checkpoint
--> Autoaligner loaded from checkpoint
Testing: |          | 0/? [00:00<?, ?it/s]--> Autoaligner loaded from checkpoint
Testing:   0%|          | 0/1 [00:00<?, ?it/s]Testing DataLoader 0:   0%|          | 0/1 [00:00<?, ?it/s]/home/ripemangobox/miniconda3/envs/storymotion-director-cu128/lib/python3.10/site-packages/torch/nn/modules/transformer.py:515: UserWarning: The PyTorch API of nested tensors is in prototype stage and will change in the near future. We recommend specifying layout=torch.jagged when constructing a nested tensor, as this layout receives active development, has better operator coverage, and works with torch.compile. (Triggered internally at /pytorch/aten/src/ATen/NestedTensorImpl.cpp:178.)
  output = torch._nested_tensor_from_mask(
Testing DataLoader 0: 100%|██████████| 1/1 [00:04<00:00,  0.21it/s]Testing DataLoader 0: 100%|██████████| 1/1 [00:04<00:00,  0.20it/s]
{"elapsed_sec": 6.7142040729522705, "keys": 31, "wrote": "/data/public/ripemangobox/Motion/StoryMotion/runs/eval/stage2/pulpmotion_official_matrix_20260616/smoke_patch/mixed_dit_xyz_aux_smoke32.json"}
