/data/public/ripemangobox/Motion/StoryMotion/scripts/train_stage2_condmdi_pulp.py:32: FutureWarning: In the future `np.bool` will be defined as the corresponding NumPy scalar.
  if not hasattr(np, _name):
/data/public/ripemangobox/Motion/StoryMotion/scripts/train_stage2_condmdi_pulp.py:32: FutureWarning: In the future `np.object` will be defined as the corresponding NumPy scalar.
  if not hasattr(np, _name):
/data/public/ripemangobox/Motion/StoryMotion/scripts/train_stage2_condmdi_pulp.py:32: FutureWarning: In the future `np.str` will be defined as the corresponding NumPy scalar.
  if not hasattr(np, _name):
Loading StoryMotion model and Pulp dataset...
--> Autoaligner loaded from checkpoint
Loading PulpMotion official outputs for 2 samples...
  PulpMotion pulpmotion_wz0_wc11
/home/ripemangobox/miniconda3/envs/storymotion-director-cu128/lib/python3.10/site-packages/lightning/fabric/__init__.py:41: pkg_resources is deprecated as an API. See https://setuptools.pypa.io/en/latest/pkg_resources.html. The pkg_resources package is slated for removal as early as 2025-11-30. Refrain from using this package or pin to Setuptools<81.
--> Autoaligner loaded from checkpoint
  PulpMotion pulpmotion_wz2_wc11
--> Autoaligner loaded from checkpoint
[bi_h1.0_c3.0_eta0.0] 1/2 2011_-4GsCEopbd4_00008_001_a
[bi_h1.0_c3.0_eta0.0] 2/2 2011_-4GsCEopbd4_00017_000_a
[bi_h2.0_c2.0_eta0.0] 1/2 2011_-4GsCEopbd4_00008_001_a
[bi_h2.0_c2.0_eta0.0] 2/2 2011_-4GsCEopbd4_00017_000_a
[bi_h3.0_c1.0_eta0.0] 1/2 2011_-4GsCEopbd4_00008_001_a
[bi_h3.0_c1.0_eta0.0] 2/2 2011_-4GsCEopbd4_00017_000_a
[std_cfg2.0_eta1.0] 1/2 2011_-4GsCEopbd4_00008_001_a
[std_cfg2.0_eta1.0] 2/2 2011_-4GsCEopbd4_00017_000_a
{"configs": 4, "ok": true, "out_dir": "runs/eval/stage2/v3_closure_20260616/gpu1_humjoint_besteval_pulpmotion_fair_compare", "samples": 2}
