/data/public/ripemangobox/Motion/StoryMotion/scripts/storymotion_official_bridge_smoke.py:70: FutureWarning: In the future `np.bool` will be defined as the corresponding NumPy scalar.
  if not hasattr(np, name):
/data/public/ripemangobox/Motion/StoryMotion/scripts/storymotion_official_bridge_smoke.py:70: FutureWarning: In the future `np.object` will be defined as the corresponding NumPy scalar.
  if not hasattr(np, name):
/data/public/ripemangobox/Motion/StoryMotion/scripts/storymotion_official_bridge_smoke.py:70: FutureWarning: In the future `np.str` will be defined as the corresponding NumPy scalar.
  if not hasattr(np, name):
/home/ripemangobox/miniconda3/envs/storymotion-director-cu128/lib/python3.10/site-packages/lightning/fabric/__init__.py:41: pkg_resources is deprecated as an API. See https://setuptools.pypa.io/en/latest/pkg_resources.html. The pkg_resources package is slated for removal as early as 2025-11-30. Refrain from using this package or pin to Setuptools<81.
/home/ripemangobox/miniconda3/envs/storymotion-director-cu128/lib/python3.10/site-packages/torch/nn/modules/transformer.py:515: UserWarning: The PyTorch API of nested tensors is in prototype stage and will change in the near future. We recommend specifying layout=torch.jagged when constructing a nested tensor, as this layout receives active development, has better operator coverage, and works with torch.compile. (Triggered internally at /pytorch/aten/src/ATen/NestedTensorImpl.cpp:178.)
  output = torch._nested_tensor_from_mask(
--> Autoaligner loaded from checkpoint
--> TMR loaded from checkpoint
{"elapsed_sec": 75.37557172775269, "eta_sec": 1167.0258441410958, "processed": 640, "target": 10549, "task": "human"}
{"elapsed_sec": 147.38073110580444, "eta_sec": 1067.2437473591417, "processed": 1280, "target": 10549, "task": "human"}
{"elapsed_sec": 219.6484396457672, "eta_sec": 987.1595758871485, "processed": 1920, "target": 10549, "task": "human"}
{"elapsed_sec": 299.89508628845215, "eta_sec": 935.8835329525173, "processed": 2560, "target": 10549, "task": "human"}
{"elapsed_sec": 383.2645254135132, "eta_sec": 880.1909366449713, "processed": 3200, "target": 10549, "task": "human"}
{"elapsed_sec": 475.7418920993805, "eta_sec": 831.1855088788395, "processed": 3840, "target": 10549, "task": "human"}
{"elapsed_sec": 552.0102634429932, "eta_sec": 747.8014037579297, "processed": 4480, "target": 10549, "task": "human"}
{"elapsed_sec": 628.1227753162384, "eta_sec": 666.0309662484099, "processed": 5120, "target": 10549, "task": "human"}
{"elapsed_sec": 704.3842136859894, "eta_sec": 585.6416665524657, "processed": 5760, "target": 10549, "task": "human"}
{"elapsed_sec": 780.3072988986969, "eta_sec": 505.85859111417085, "processed": 6400, "target": 10549, "task": "human"}
{"elapsed_sec": 856.1241586208344, "eta_sec": 426.7243853125721, "processed": 7040, "target": 10549, "task": "human"}
{"elapsed_sec": 932.2628498077393, "eta_sec": 348.2632963669797, "processed": 7680, "target": 10549, "task": "human"}
{"elapsed_sec": 1008.0329859256744, "eta_sec": 270.0607602918664, "processed": 8320, "target": 10549, "task": "human"}
{"elapsed_sec": 1085.400309562683, "eta_sec": 192.48896114900705, "processed": 8960, "target": 10549, "task": "human"}
{"elapsed_sec": 1161.1904106140137, "eta_sec": 114.78851038257281, "processed": 9600, "target": 10549, "task": "human"}
{"elapsed_sec": 1244.1593673229218, "eta_sec": 37.54348090847489, "processed": 10240, "target": 10549, "task": "human"}
{"elapsed_sec": 1281.7458226680756, "eta_sec": 0.0, "processed": 10549, "target": 10549, "task": "human"}
{"elapsed_sec": 1281.8752892017365, "keys": 10, "records": "runs/eval/stage2/v3_closure_20260616/full/gpu1_humjoint_besteval_human_std_cfg2_eta1.records.jsonl", "samples": 10549, "task": "human", "wrote": "runs/eval/stage2/v3_closure_20260616/full/gpu1_humjoint_besteval_human_std_cfg2_eta1.json"}
