[probe2] 2026-05-16T23:40:08+08:00
[kimodo tree]
/data/public/ripemangobox/Motion/kimodo/2026_Kimodo_Scaling_Controllable_Human_Motion_Generation.pdf
/data/public/ripemangobox/Motion/kimodo/assets/banner.png
/data/public/ripemangobox/Motion/kimodo/assets/demo_screenshot.png
/data/public/ripemangobox/Motion/kimodo/assets/gmr_results.gif
/data/public/ripemangobox/Motion/kimodo/assets/mujoco_result.gif
/data/public/ripemangobox/Motion/kimodo/assets/protomotions_results.gif
/data/public/ripemangobox/Motion/kimodo/assets/teaser.gif
/data/public/ripemangobox/Motion/kimodo/ATTRIBUTIONS.MD
/data/public/ripemangobox/Motion/kimodo/CHANGELOG.md
/data/public/ripemangobox/Motion/kimodo/checkpoints/Kimodo-G1-RP-v1/config.yaml
/data/public/ripemangobox/Motion/kimodo/checkpoints/Kimodo-G1-RP-v1/.gitattributes
/data/public/ripemangobox/Motion/kimodo/checkpoints/Kimodo-G1-RP-v1/LICENSE
/data/public/ripemangobox/Motion/kimodo/checkpoints/Kimodo-G1-RP-v1/model.safetensors
/data/public/ripemangobox/Motion/kimodo/checkpoints/Kimodo-G1-RP-v1/README.md
/data/public/ripemangobox/Motion/kimodo/checkpoints/Kimodo-G1-SEED-v1/config.yaml
/data/public/ripemangobox/Motion/kimodo/checkpoints/Kimodo-G1-SEED-v1/.gitattributes
/data/public/ripemangobox/Motion/kimodo/checkpoints/Kimodo-G1-SEED-v1/LICENSE
/data/public/ripemangobox/Motion/kimodo/checkpoints/Kimodo-G1-SEED-v1/model.safetensors
/data/public/ripemangobox/Motion/kimodo/checkpoints/Kimodo-G1-SEED-v1/README.md
/data/public/ripemangobox/Motion/kimodo/checkpoints/Kimodo-SOMA-RP-v1/config.yaml
/data/public/ripemangobox/Motion/kimodo/checkpoints/Kimodo-SOMA-RP-v1/.gitattributes
/data/public/ripemangobox/Motion/kimodo/checkpoints/Kimodo-SOMA-RP-v1/LICENSE
/data/public/ripemangobox/Motion/kimodo/checkpoints/Kimodo-SOMA-RP-v1/model.safetensors
/data/public/ripemangobox/Motion/kimodo/checkpoints/Kimodo-SOMA-RP-v1/README.md
/data/public/ripemangobox/Motion/kimodo/checkpoints/Kimodo-SOMA-SEED-v1/config.yaml
/data/public/ripemangobox/Motion/kimodo/checkpoints/Kimodo-SOMA-SEED-v1/.gitattributes
/data/public/ripemangobox/Motion/kimodo/checkpoints/Kimodo-SOMA-SEED-v1/LICENSE
/data/public/ripemangobox/Motion/kimodo/checkpoints/Kimodo-SOMA-SEED-v1/model.safetensors
/data/public/ripemangobox/Motion/kimodo/checkpoints/Kimodo-SOMA-SEED-v1/README.md
/data/public/ripemangobox/Motion/kimodo/CONTRIBUTING.MD
/data/public/ripemangobox/Motion/kimodo/docker-compose.yaml
/data/public/ripemangobox/Motion/kimodo/Dockerfile
/data/public/ripemangobox/Motion/kimodo/docker_requirements.in
/data/public/ripemangobox/Motion/kimodo/docker_requirements.txt
/data/public/ripemangobox/Motion/kimodo/docs/.gitattributes
/data/public/ripemangobox/Motion/kimodo/docs/make.bat
/data/public/ripemangobox/Motion/kimodo/docs/Makefile
/data/public/ripemangobox/Motion/kimodo/docs/README.md
/data/public/ripemangobox/Motion/kimodo/docs/requirements.txt
/data/public/ripemangobox/Motion/kimodo/docs/source/conf.py
/data/public/ripemangobox/Motion/kimodo/docs/source/index.md
/data/public/ripemangobox/Motion/kimodo/docs/source/project_info.md
/data/public/ripemangobox/Motion/kimodo/docs/source/project_structure.md
/data/public/ripemangobox/Motion/kimodo/.git/config
/data/public/ripemangobox/Motion/kimodo/.git/description
/data/public/ripemangobox/Motion/kimodo/.git/FETCH_HEAD
/data/public/ripemangobox/Motion/kimodo/.git/HEAD
/data/public/ripemangobox/Motion/kimodo/.git/hooks/applypatch-msg.sample
/data/public/ripemangobox/Motion/kimodo/.git/hooks/commit-msg.sample
/data/public/ripemangobox/Motion/kimodo/.git/hooks/fsmonitor-watchman.sample
/data/public/ripemangobox/Motion/kimodo/.git/hooks/post-update.sample
/data/public/ripemangobox/Motion/kimodo/.git/hooks/pre-applypatch.sample
/data/public/ripemangobox/Motion/kimodo/.git/hooks/pre-commit.sample
/data/public/ripemangobox/Motion/kimodo/.git/hooks/pre-merge-commit.sample
/data/public/ripemangobox/Motion/kimodo/.git/hooks/prepare-commit-msg.sample
/data/public/ripemangobox/Motion/kimodo/.git/hooks/pre-push.sample
/data/public/ripemangobox/Motion/kimodo/.git/hooks/pre-rebase.sample
/data/public/ripemangobox/Motion/kimodo/.git/hooks/pre-receive.sample
/data/public/ripemangobox/Motion/kimodo/.git/hooks/push-to-checkout.sample
/data/public/ripemangobox/Motion/kimodo/.git/hooks/update.sample
/data/public/ripemangobox/Motion/kimodo/.gitignore
/data/public/ripemangobox/Motion/kimodo/.git/index
/data/public/ripemangobox/Motion/kimodo/.git/info/exclude
/data/public/ripemangobox/Motion/kimodo/.git/logs/HEAD
/data/public/ripemangobox/Motion/kimodo/.git/ORIG_HEAD
/data/public/ripemangobox/Motion/kimodo/.git/packed-refs
/data/public/ripemangobox/Motion/kimodo/kimodo/assets.py
/data/public/ripemangobox/Motion/kimodo/kimodo/constraints.py
/data/public/ripemangobox/Motion/kimodo/kimodo/demo/app.py
/data/public/ripemangobox/Motion/kimodo/kimodo/demo/config.py
/data/public/ripemangobox/Motion/kimodo/kimodo/demo/embedding_cache.py
/data/public/ripemangobox/Motion/kimodo/kimodo/demo/generation.py
/data/public/ripemangobox/Motion/kimodo/kimodo/demo/__init__.py
/data/public/ripemangobox/Motion/kimodo/kimodo/demo/__main__.py
/data/public/ripemangobox/Motion/kimodo/kimodo/demo/queue_manager.py
/data/public/ripemangobox/Motion/kimodo/kimodo/demo/state.py
/data/public/ripemangobox/Motion/kimodo/kimodo/demo/ui.py
/data/public/ripemangobox/Motion/kimodo/kimodo.egg-info/dependency_links.txt
/data/public/ripemangobox/Motion/kimodo/kimodo.egg-info/entry_points.txt
/data/public/ripemangobox/Motion/kimodo/kimodo.egg-info/not-zip-safe
/data/public/ripemangobox/Motion/kimodo/kimodo.egg-info/PKG-INFO
/data/public/ripemangobox/Motion/kimodo/kimodo.egg-info/requires.txt
/data/public/ripemangobox/Motion/kimodo/kimodo.egg-info/SOURCES.txt
/data/public/ripemangobox/Motion/kimodo/kimodo.egg-info/top_level.txt
/data/public/ripemangobox/Motion/kimodo/kimodo/exports/bvh.py
/data/public/ripemangobox/Motion/kimodo/kimodo/exports/__init__.py
/data/public/ripemangobox/Motion/kimodo/kimodo/exports/motion_convert_lib.py
/data/public/ripemangobox/Motion/kimodo/kimodo/exports/motion_formats.py
/data/public/ripemangobox/Motion/kimodo/kimodo/exports/motion_io.py
/data/public/ripemangobox/Motion/kimodo/kimodo/exports/mujoco.py
/data/public/ripemangobox/Motion/kimodo/kimodo/exports/smplx.py
/data/public/ripemangobox/Motion/kimodo/kimodo/geometry.py
/data/public/ripemangobox/Motion/kimodo/kimodo/__init__.py
/data/public/ripemangobox/Motion/kimodo/kimodo/meta.py
/data/public/ripemangobox/Motion/kimodo/kimodo/metrics/base.py
/data/public/ripemangobox/Motion/kimodo/kimodo/metrics/constraints.py
/data/public/ripemangobox/Motion/kimodo/kimodo/metrics/foot_skate.py
/data/public/ripemangobox/Motion/kimodo/kimodo/metrics/__init__.py
/data/public/ripemangobox/Motion/kimodo/kimodo/metrics/tmr.py
/data/public/ripemangobox/Motion/kimodo/kimodo/model/backbone.py
/data/public/ripemangobox/Motion/kimodo/kimodo/model/cfg.py
/data/public/ripemangobox/Motion/kimodo/kimodo/model/common.py
/data/public/ripemangobox/Motion/kimodo/kimodo/model/diffusion.py
/data/public/ripemangobox/Motion/kimodo/kimodo/model/__init__.py
/data/public/ripemangobox/Motion/kimodo/kimodo/model/kimodo_model.py
/data/public/ripemangobox/Motion/kimodo/kimodo/model/loading.py
/data/public/ripemangobox/Motion/kimodo/kimodo/model/load_model.py
/data/public/ripemangobox/Motion/kimodo/kimodo/model/registry.py
/data/public/ripemangobox/Motion/kimodo/kimodo/model/text_encoder_api.py
/data/public/ripemangobox/Motion/kimodo/kimodo/model/tmr.py
/data/public/ripemangobox/Motion/kimodo/kimodo/model/twostage_denoiser.py
/data/public/ripemangobox/Motion/kimodo/kimodo/motion_rep/conditioning.py
/data/public/ripemangobox/Motion/kimodo/kimodo/motion_rep/feature_utils.py
/data/public/ripemangobox/Motion/kimodo/kimodo/motion_rep/feet.py
/data/public/ripemangobox/Motion/kimodo/kimodo/motion_rep/__init__.py
/data/public/ripemangobox/Motion/kimodo/kimodo/motion_rep/smooth_root.py
/data/public/ripemangobox/Motion/kimodo/kimodo/motion_rep/stats.py
/data/public/ripemangobox/Motion/kimodo/kimodo/postprocess.py
/data/public/ripemangobox/Motion/kimodo/kimodo/__pycache__/assets.cpython-310.pyc
/data/public/ripemangobox/Motion/kimodo/kimodo/__pycache__/constraints.cpython-310.pyc
/data/public/ripemangobox/Motion/kimodo/kimodo/__pycache__/geometry.cpython-310.pyc
/data/public/ripemangobox/Motion/kimodo/kimodo/__pycache__/__init__.cpython-310.pyc
/data/public/ripemangobox/Motion/kimodo/kimodo/__pycache__/meta.cpython-310.pyc
/data/public/ripemangobox/Motion/kimodo/kimodo/__pycache__/postprocess.cpython-310.pyc
/data/public/ripemangobox/Motion/kimodo/kimodo/__pycache__/sanitize.cpython-310.pyc
/data/public/ripemangobox/Motion/kimodo/kimodo/__pycache__/tools.cpython-310.pyc
/data/public/ripemangobox/Motion/kimodo/kimodo/sanitize.py
/data/public/ripemangobox/Motion/kimodo/kimodo/scripts/docker-entrypoint.sh
/data/public/ripemangobox/Motion/kimodo/kimodo/scripts/generate.py
/data/public/ripemangobox/Motion/kimodo/kimodo/scripts/gradio_theme.py
/data/public/ripemangobox/Motion/kimodo/kimodo/scripts/__init__.py
/data/public/ripemangobox/Motion/kimodo/kimodo/scripts/lock_requirements.py
/data/public/ripemangobox/Motion/kimodo/kimodo/scripts/motion_convert.py
/data/public/ripemangobox/Motion/kimodo/kimodo/scripts/mujoco_load.py
/data/public/ripemangobox/Motion/kimodo/kimodo/scripts/run_text_encoder_server.py
/data/public/ripemangobox/Motion/kimodo/kimodo/skeleton/base.py
/data/public/ripemangobox/Motion/kimodo/kimodo/skeleton/bvh.py
/data/public/ripemangobox/Motion/kimodo/kimodo/skeleton/definitions.py
/data/public/ripemangobox/Motion/kimodo/kimodo/skeleton/__init__.py
/data/public/ripemangobox/Motion/kimodo/kimodo/skeleton/kinematics.py
/data/public/ripemangobox/Motion/kimodo/kimodo/skeleton/registry.py
/data/public/ripemangobox/Motion/kimodo/kimodo/skeleton/transforms.py
/data/public/ripemangobox/Motion/kimodo/kimodo/tools.py
/data/public/ripemangobox/Motion/kimodo/kimodo/viz/constraint_ui.py
/data/public/ripemangobox/Motion/kimodo/kimodo/viz/coords.py
/data/public/ripemangobox/Motion/kimodo/kimodo/viz/g1_rig.py
/data/public/ripemangobox/Motion/kimodo/kimodo/viz/gui.py
/data/public/ripemangobox/Motion/kimodo/kimodo/viz/__init__.py
/data/public/ripemangobox/Motion/kimodo/kimodo/viz/playback.py
/data/public/ripemangobox/Motion/kimodo/kimodo/viz/scene.py
/data/public/ripemangobox/Motion/kimodo/kimodo/viz/smplx_skin.py
/data/public/ripemangobox/Motion/kimodo/kimodo/viz/soma_layer_skin.py
/data/public/ripemangobox/Motion/kimodo/kimodo/viz/soma_skin.py
/data/public/ripemangobox/Motion/kimodo/kimodo/viz/viser_utils.py
/data/public/ripemangobox/Motion/kimodo/LICENSE
/data/public/ripemangobox/Motion/kimodo/MANIFEST.in
/data/public/ripemangobox/Motion/kimodo/MotionCorrection/CMakeLists.txt
/data/public/ripemangobox/Motion/kimodo/MotionCorrection/.gitignore
/data/public/ripemangobox/Motion/kimodo/MotionCorrection/MANIFEST.in
/data/public/ripemangobox/Motion/kimodo/MotionCorrection/README.md
/data/public/ripemangobox/Motion/kimodo/MotionCorrection/run_test.py
/data/public/ripemangobox/Motion/kimodo/MotionCorrection/setup.py
/data/public/ripemangobox/Motion/kimodo/.pre-commit-config.yaml
/data/public/ripemangobox/Motion/kimodo/process.md
/data/public/ripemangobox/Motion/kimodo/pyproject.toml
/data/public/ripemangobox/Motion/kimodo/README.md
/data/public/ripemangobox/Motion/kimodo/setup.py
[mogents files]
/data/public/ripemangobox/Motion/mogents/environment.yml
/data/public/ripemangobox/Motion/mogents/options/train_option.py
/data/public/ripemangobox/Motion/mogents/README.md
/data/public/ripemangobox/Motion/mogents/requirements.txt
/data/public/ripemangobox/Motion/mogents/run_mtrans.sh
/data/public/ripemangobox/Motion/mogents/run_rtrans.sh
/data/public/ripemangobox/Motion/mogents/run_rvq.sh
/data/public/ripemangobox/Motion/mogents/train_mask_transformer_ddp.py
/data/public/ripemangobox/Motion/mogents/train_res_transformer_ddp.py
/data/public/ripemangobox/Motion/mogents/train_vq.py
[momask search]
[soma tar search]
[done] 2026-05-16T23:40:08+08:00
ml
/data/public/ripemangobox/Motion/kimodo/checkpoints/Kimodo-G1-RP-v1/.gitattributes
/data/public/ripemangobox/Motion/kimodo/checkpoints/Kimodo-G1-RP-v1/LICENSE
/data/public/ripemangobox/Motion/kimodo/checkpoints/Kimodo-G1-RP-v1/model.safetensors
/data/public/ripemangobox/Motion/kimodo/checkpoints/Kimodo-G1-RP-v1/README.md
/data/public/ripemangobox/Motion/kimodo/checkpoints/Kimodo-G1-SEED-v1/config.yaml
/data/public/ripemangobox/Motion/kimodo/checkpoints/Kimodo-G1-SEED-v1/.gitattributes
/data/public/ripemangobox/Motion/kimodo/checkpoints/Kimodo-G1-SEED-v1/LICENSE
/data/public/ripemangobox/Motion/kimodo/checkpoints/Kimodo-G1-SEED-v1/model.safetensors
/data/public/ripemangobox/Motion/kimodo/checkpoints/Kimodo-G1-SEED-v1/README.md
/data/public/ripemangobox/Motion/kimodo/checkpoints/Kimodo-SOMA-RP-v1/config.yaml
/data/public/ripemangobox/Motion/kimodo/checkpoints/Kimodo-SOMA-RP-v1/.gitattributes
/data/public/ripemangobox/Motion/kimodo/checkpoints/Kimodo-SOMA-RP-v1/LICENSE
/data/public/ripemangobox/Motion/kimodo/checkpoints/Kimodo-SOMA-RP-v1/model.safetensors
/data/public/ripemangobox/Motion/kimodo/checkpoints/Kimodo-SOMA-RP-v1/README.md
/data/public/ripemangobox/Motion/kimodo/checkpoints/Kimodo-SOMA-SEED-v1/config.yaml
/data/public/ripemangobox/Motion/kimodo/checkpoints/Kimodo-SOMA-SEED-v1/.gitattributes
/data/public/ripemangobox/Motion/kimodo/checkpoints/Kimodo-SOMA-SEED-v1/LICENSE
/data/public/ripemangobox/Motion/kimodo/checkpoints/Kimodo-SOMA-SEED-v1/model.safetensors
/data/public/ripemangobox/Motion/kimodo/checkpoints/Kimodo-SOMA-SEED-v1/README.md
/data/public/ripemangobox/Motion/kimodo/CONTRIBUTING.MD
/data/public/ripemangobox/Motion/kimodo/docker-compose.yaml
/data/public/ripemangobox/Motion/kimodo/Dockerfile
/data/public/ripemangobox/Motion/kimodo/docker_requirements.in
/data/public/ripemangobox/Motion/kimodo/docker_requirements.txt
/data/public/ripemangobox/Motion/kimodo/docs/.gitattributes
/data/public/ripemangobox/Motion/kimodo/docs/make.bat
/data/public/ripemangobox/Motion/kimodo/docs/Makefile
/data/public/ripemangobox/Motion/kimodo/docs/README.md
/data/public/ripemangobox/Motion/kimodo/docs/requirements.txt
/data/public/ripemangobox/Motion/kimodo/docs/source/conf.py
/data/public/ripemangobox/Motion/kimodo/docs/source/index.md
/data/public/ripemangobox/Motion/kimodo/docs/source/project_info.md
/data/public/ripemangobox/Motion/kimodo/docs/source/project_structure.md
/data/public/ripemangobox/Motion/kimodo/.git/config
/data/public/ripemangobox/Motion/kimodo/.git/description
/data/public/ripemangobox/Motion/kimodo/.git/FETCH_HEAD
/data/public/ripemangobox/Motion/kimodo/.git/HEAD
/data/public/ripemangobox/Motion/kimodo/.git/hooks/applypatch-msg.sample
/data/public/ripemangobox/Motion/kimodo/.git/hooks/commit-msg.sample
/data/public/ripemangobox/Motion/kimodo/.git/hooks/fsmonitor-watchman.sample
/data/public/ripemangobox/Motion/kimodo/.git/hooks/post-update.sample
/data/public/ripemangobox/Motion/kimodo/.git/hooks/pre-applypatch.sample
/data/public/ripemangobox/Motion/kimodo/.git/hooks/pre-commit.sample
/data/public/ripemangobox/Motion/kimodo/.git/hooks/pre-merge-commit.sample
/data/public/ripemangobox/Motion/kimodo/.git/hooks/prepare-commit-msg.sample
/data/public/ripemangobox/Motion/kimodo/.git/hooks/pre-push.sample
/data/public/ripemangobox/Motion/kimodo/.git/hooks/pre-rebase.sample
/data/public/ripemangobox/Motion/kimodo/.git/hooks/pre-receive.sample
/data/public/ripemangobox/Motion/kimodo/.git/hooks/push-to-checkout.sample
/data/public/ripemangobox/Motion/kimodo/.git/hooks/update.sample
/data/public/ripemangobox/Motion/kimodo/.gitignore
/data/public/ripemangobox/Motion/kimodo/.git/index
/data/public/ripemangobox/Motion/kimodo/.git/info/exclude
/data/public/ripemangobox/Motion/kimodo/.git/logs/HEAD
/data/public/ripemangobox/Motion/kimodo/.git/ORIG_HEAD
/data/public/ripemangobox/Motion/kimodo/.git/packed-refs
/data/public/ripemangobox/Motion/kimodo/kimodo/assets.py
/data/public/ripemangobox/Motion/kimodo/kimodo/constraints.py
/data/public/ripemangobox/Motion/kimodo/kimodo/demo/app.py
/data/public/ripemangobox/Motion/kimodo/kimodo/demo/config.py
/data/public/ripemangobox/Motion/kimodo/kimodo/demo/embedding_cache.py
/data/public/ripemangobox/Motion/kimodo/kimodo/demo/generation.py
/data/public/ripemangobox/Motion/kimodo/kimodo/demo/__init__.py
/data/public/ripemangobox/Motion/kimodo/kimodo/demo/__main__.py
/data/public/ripemangobox/Motion/kimodo/kimodo/demo/queue_manager.py
/data/public/ripemangobox/Motion/kimodo/kimodo/demo/state.py
/data/public/ripemangobox/Motion/kimodo/kimodo/demo/ui.py
/data/public/ripemangobox/Motion/kimodo/kimodo.egg-info/dependency_links.txt
/data/public/ripemangobox/Motion/kimodo/kimodo.egg-info/entry_points.txt
/data/public/ripemangobox/Motion/kimodo/kimodo.egg-info/not-zip-safe
/data/public/ripemangobox/Motion/kimodo/kimodo.egg-info/PKG-INFO
/data/public/ripemangobox/Motion/kimodo/kimodo.egg-info/requires.txt
/data/public/ripemangobox/Motion/kimodo/kimodo.egg-info/SOURCES.txt
/data/public/ripemangobox/Motion/kimodo/kimodo.egg-info/top_level.txt
/data/public/ripemangobox/Motion/kimodo/kimodo/exports/bvh.py
/data/public/ripemangobox/Motion/kimodo/kimodo/exports/__init__.py
/data/public/ripemangobox/Motion/kimodo/kimodo/exports/motion_convert_lib.py
/data/public/ripemangobox/Motion/kimodo/kimodo/exports/motion_formats.py
/data/public/ripemangobox/Motion/kimodo/kimodo/exports/motion_io.py
/data/public/ripemangobox/Motion/kimodo/kimodo/exports/mujoco.py
/data/public/ripemangobox/Motion/kimodo/kimodo/exports/smplx.py
/data/public/ripemangobox/Motion/kimodo/kimodo/geometry.py
/data/public/ripemangobox/Motion/kimodo/kimodo/__init__.py
/data/public/ripemangobox/Motion/kimodo/kimodo/meta.py
/data/public/ripemangobox/Motion/kimodo/kimodo/metrics/base.py
/data/public/ripemangobox/Motion/kimodo/kimodo/metrics/constraints.py
/data/public/ripemangobox/Motion/kimodo/kimodo/metrics/foot_skate.py
/data/public/ripemangobox/Motion/kimodo/kimodo/metrics/__init__.py
/data/public/ripemangobox/Motion/kimodo/kimodo/metrics/tmr.py
/data/public/ripemangobox/Motion/kimodo/kimodo/model/backbone.py
/data/public/ripemangobox/Motion/kimodo/kimodo/model/cfg.py
/data/public/ripemangobox/Motion/kimodo/kimodo/model/common.py
/data/public/ripemangobox/Motion/kimodo/kimodo/model/diffusion.py
/data/public/ripemangobox/Motion/kimodo/kimodo/model/__init__.py
/data/public/ripemangobox/Motion/kimodo/kimodo/model/kimodo_model.py
/data/public/ripemangobox/Motion/kimodo/kimodo/model/loading.py
/data/public/ripemangobox/Motion/kimodo/kimodo/model/load_model.py
/data/public/ripemangobox/Motion/kimodo/kimodo/model/registry.py
/data/public/ripemangobox/Motion/kimodo/kimodo/model/text_encoder_api.py
/data/public/ripemangobox/Motion/kimodo/kimodo/model/tmr.py
/data/public/ripemangobox/Motion/kimodo/kimodo/model/twostage_denoiser.py
/data/public/ripemangobox/Motion/kimodo/kimodo/motion_rep/conditioning.py
/data/public/ripemangobox/Motion/kimodo/kimodo/motion_rep/feature_utils.py
/data/public/ripemangobox/Motion/kimodo/kimodo/motion_rep/feet.py
/data/public/ripemangobox/Motion/kimodo/kimodo/motion_rep/__init__.py
/data/public/ripemangobox/Motion/kimodo/kimodo/motion_rep/smooth_root.py
/data/public/ripemangobox/Motion/kimodo/kimodo/motion_rep/stats.py
/data/public/ripemangobox/Motion/kimodo/kimodo/postprocess.py
/data/public/ripemangobox/Motion/kimodo/kimodo/__pycache__/assets.cpython-310.pyc
/data/public/ripemangobox/Motion/kimodo/kimodo/__pycache__/constraints.cpython-310.pyc
/data/public/ripemangobox/Motion/kimodo/kimodo/__pycache__/geometry.cpython-310.pyc
/data/public/ripemangobox/Motion/kimodo/kimodo/__pycache__/__init__.cpython-310.pyc
/data/public/ripemangobox/Motion/kimodo/kimodo/__pycache__/meta.cpython-310.pyc
/data/public/ripemangobox/Motion/kimodo/kimodo/__pycache__/postprocess.cpython-310.pyc
/data/public/ripemangobox/Motion/kimodo/kimodo/__pycache__/sanitize.cpython-310.pyc
/data/public/ripemangobox/Motion/kimodo/kimodo/__pycache__/tools.cpython-310.pyc
/data/public/ripemangobox/Motion/kimodo/kimodo/sanitize.py
/data/public/ripemangobox/Motion/kimodo/kimodo/scripts/docker-entrypoint.sh
/data/public/ripemangobox/Motion/kimodo/kimodo/scripts/generate.py
/data/public/ripemangobox/Motion/kimodo/kimodo/scripts/gradio_theme.py
/data/public/ripemangobox/Motion/kimodo/kimodo/scripts/__init__.py
/data/public/ripemangobox/Motion/kimodo/kimodo/scripts/lock_requirements.py
/data/public/ripemangobox/Motion/kimodo/kimodo/scripts/motion_convert.py
/data/public/ripemangobox/Motion/kimodo/kimodo/scripts/mujoco_load.py
/data/public/ripemangobox/Motion/kimodo/kimodo/scripts/run_text_encoder_server.py
/data/public/ripemangobox/Motion/kimodo/kimodo/skeleton/base.py
/data/public/ripemangobox/Motion/kimodo/kimodo/skeleton/bvh.py
/data/public/ripemangobox/Motion/kimodo/kimodo/skeleton/definitions.py
/data/public/ripemangobox/Motion/kimodo/kimodo/skeleton/__init__.py
/data/public/ripemangobox/Motion/kimodo/kimodo/skeleton/kinematics.py
/data/public/ripemangobox/Motion/kimodo/kimodo/skeleton/registry.py
/data/public/ripemangobox/Motion/kimodo/kimodo/skeleton/transforms.py
/data/public/ripemangobox/Motion/kimodo/kimodo/tools.py
/data/public/ripemangobox/Motion/kimodo/kimodo/viz/constraint_ui.py
/data/public/ripemangobox/Motion/kimodo/kimodo/viz/coords.py
/data/public/ripemangobox/Motion/kimodo/kimodo/viz/g1_rig.py
/data/public/ripemangobox/Motion/kimodo/kimodo/viz/gui.py
/data/public/ripemangobox/Motion/kimodo/kimodo/viz/__init__.py
/data/public/ripemangobox/Motion/kimodo/kimodo/viz/playback.py
/data/public/ripemangobox/Motion/kimodo/kimodo/viz/scene.py
/data/public/ripemangobox/Motion/kimodo/kimodo/viz/smplx_skin.py
/data/public/ripemangobox/Motion/kimodo/kimodo/viz/soma_layer_skin.py
/data/public/ripemangobox/Motion/kimodo/kimodo/viz/soma_skin.py
/data/public/ripemangobox/Motion/kimodo/kimodo/viz/viser_utils.py
/data/public/ripemangobox/Motion/kimodo/LICENSE
/data/public/ripemangobox/Motion/kimodo/MANIFEST.in
/data/public/ripemangobox/Motion/kimodo/MotionCorrection/CMakeLists.txt
/data/public/ripemangobox/Motion/kimodo/MotionCorrection/.gitignore
/data/public/ripemangobox/Motion/kimodo/MotionCorrection/MANIFEST.in
/data/public/ripemangobox/Motion/kimodo/MotionCorrection/README.md
/data/public/ripemangobox/Motion/kimodo/MotionCorrection/run_test.py
/data/public/ripemangobox/Motion/kimodo/MotionCorrection/setup.py
/data/public/ripemangobox/Motion/kimodo/.pre-commit-config.yaml
/data/public/ripemangobox/Motion/kimodo/process.md
/data/public/ripemangobox/Motion/kimodo/pyproject.toml
/data/public/ripemangobox/Motion/kimodo/README.md
/data/public/ripemangobox/Motion/kimodo/setup.py
[mogents files]
/data/public/ripemangobox/Motion/mogents/environment.yml
/data/public/ripemangobox/Motion/mogents/options/train_option.py
/data/public/ripemangobox/Motion/mogents/README.md
/data/public/ripemangobox/Motion/mogents/requirements.txt
/data/public/ripemangobox/Motion/mogents/run_mtrans.sh
/data/public/ripemangobox/Motion/mogents/run_rtrans.sh
/data/public/ripemangobox/Motion/mogents/run_rvq.sh
/data/public/ripemangobox/Motion/mogents/train_mask_transformer_ddp.py
/data/public/ripemangobox/Motion/mogents/train_res_transformer_ddp.py
/data/public/ripemangobox/Motion/mogents/train_vq.py
[momask search]
[soma tar search]
[done] 2026-05-16T23:40:08+08:00
