[probe] 2026-05-16T23:39:13+08:00
/data/public/ripemangobox/Motion/EventT2M-codes
[paths]
ls: cannot access '/data/soma_uniform.tar.gz': No such file or directory
ls: cannot access '/home/ripemangobox/Coding/Github/Motion/datasets/kimodo': No such file or directory
ls: cannot access '/home/ripemangobox/Coding/Github/Motion/momask-codes': No such file or directory
ls: cannot access '/home/ripemangobox/Coding/Github/Motion/mogents': No such file or directory
[motion dirs]
/data/public/ripemangobox/Motion/kimodo
/data/public/ripemangobox/Motion/kimodo/kimodo
/data/public/ripemangobox/Motion/kimodo/kimodo.egg-info
/data/public/ripemangobox/Motion/mogents
/data/public/ripemangobox/Motion/ReactDance_Open_Process_kimodo
[df]
Filesystem      Size  Used Avail Use% Mounted on
/dev/sda1       7.3T  1.7T  5.3T  24% /data
/dev/nvme0n1p2  1.8T  105G  1.6T   7% /
[done] 2026-05-16T23:39:13+08:00
tion/mogents
/data/public/ripemangobox/Motion/ReactDance_Open_Process_kimodo
[df]
Filesystem      Size  Used Avail Use% Mounted on
/dev/sda1       7.3T  1.7T  5.3T  24% /data
/dev/nvme0n1p2  1.8T  105G  1.6T   7% /
[done] 2026-05-16T23:39:13+08:00
