2026年 05月 17日 星期日 18:35:09 CST
/data/public/ripemangobox/Motion/kimodo/kimodo/exports/motion_convert_lib.py:88: UserWarning: Resampled motion to 30 Hz for Kimodo NPZ (source ~120 Hz, 275 input frames → 69 output frames). Pass --source-fps if the detected source rate is wrong.
  save_kimodo_npz_at_target_fps(motion, sk, effective_source, output_path)
/data/public/ripemangobox/Motion/mogents/common/quaternion.py:394: UserWarning: Using torch.cross without specifying the dim arg is deprecated.
Please either pass the dim explicitly or simply use torch.linalg.cross.
The default value of dim will change to agree with that of linalg.cross in a future release. (Triggered internally at ../aten/src/ATen/native/Cross.cpp:63.)
  v = torch.cross(v0, v1)
/data/public/ripemangobox/Motion/kimodo/kimodo/exports/motion_convert_lib.py:88: UserWarning: Resampled motion to 30 Hz for Kimodo NPZ (source ~120 Hz, 443 input frames → 111 output frames). Pass --source-fps if the detected source rate is wrong.
  save_kimodo_npz_at_target_fps(motion, sk, effective_source, output_path)
/data/public/ripemangobox/Motion/kimodo/kimodo/exports/motion_convert_lib.py:88: UserWarning: Resampled motion to 30 Hz for Kimodo NPZ (source ~120 Hz, 627 input frames → 157 output frames). Pass --source-fps if the detected source rate is wrong.
  save_kimodo_npz_at_target_fps(motion, sk, effective_source, output_path)
/data/public/ripemangobox/Motion/kimodo/kimodo/exports/motion_convert_lib.py:88: UserWarning: Resampled motion to 30 Hz for Kimodo NPZ (source ~120 Hz, 287 input frames → 72 output frames). Pass --source-fps if the detected source rate is wrong.
  save_kimodo_npz_at_target_fps(motion, sk, effective_source, output_path)
/data/public/ripemangobox/Motion/kimodo/kimodo/exports/motion_convert_lib.py:88: UserWarning: Resampled motion to 30 Hz for Kimodo NPZ (source ~120 Hz, 474 input frames → 119 output frames). Pass --source-fps if the detected source rate is wrong.
  save_kimodo_npz_at_target_fps(motion, sk, effective_source, output_path)
/data/public/ripemangobox/Motion/kimodo/kimodo/exports/motion_convert_lib.py:88: UserWarning: Resampled motion to 30 Hz for Kimodo NPZ (source ~120 Hz, 566 input frames → 142 output frames). Pass --source-fps if the detected source rate is wrong.
  save_kimodo_npz_at_target_fps(motion, sk, effective_source, output_path)
{
  "date": "2026-05-17",
  "created": "2026-05-17T18:35:20+08:00",
  "experiment_path": "paperIDEAs/MoDebug/experiments/soma_unified_30k_20260516",
  "evaluator": "modebug_soma_kimodo_humanml3d_smoke",
  "protocol": "KIMODO official SOMA BVH -> Kimodo NPZ conversion, then SOMA77 posed_joints -> HumanML3D-22 mapping -> MoMask/MoGenTS 263D process_file; recover_from_ric + static visualization + loader smoke",
  "data_source": {
    "manifest": "/data/public/ripemangobox/Motion/datasets/soma_unified_30k_20260516/input/manifests/selected_30k_manifest.tsv",
    "soma_root": "/data/public/ripemangobox/Motion/datasets/soma_uniform",
    "kimodo_repo": "/data/public/ripemangobox/Motion/kimodo",
    "mogents_repo": "/data/public/ripemangobox/Motion/mogents",
    "hml_reference_root": "/data/public/ripemangobox/Motion/datasets/HumanML3D/HumanML3D"
  },
  "condition_pair": "not_applicable",
  "n/evaluable": "6/6 converted rows; loader_smoke=pass",
  "coverage": "small smoke subset only, not full 30k conversion",
  "role": "diagnostic",
  "used_for": "conversion_smoke",
  "limitations": "SOMA77->HumanML3D22 mapping is a topology/name-based smoke mapping for feature compatibility and visualization; it is not yet a validated full-dataset training conversion.",
  "used_hml_reference_offsets": true,
  "kimodo_fps": 30.0,
  "target_fps": 20.0,
  "mapping": [
    "Hips",
    "LeftLeg",
    "RightLeg",
    "Spine1",
    "LeftShin",
    "RightShin",
    "Spine2",
    "LeftFoot",
    "RightFoot",
    "Chest",
    "LeftToeBase",
    "RightToeBase",
    "Neck1",
    "LeftShoulder",
    "RightShoulder",
    "Head",
    "LeftArm",
    "RightArm",
    "LeftForeArm",
    "RightForeArm",
    "LeftHand",
    "RightHand"
  ],
  "ok_sample_ids": [
    "soma30k_00001",
    "soma30k_00002",
    "soma30k_00004",
    "soma30k_00005",
    "soma30k_00019",
    "soma30k_00023"
  ],
  "failed": [],
  "loader_smoke_pass": true,
  "loader_smoke_notes": [],
  "output_root": "/data/public/ripemangobox/Motion/datasets/soma_unified_30k_20260516/humanml3d_smoke_20fps_20260517",
  "dataset_root": "/data/public/ripemangobox/Motion/datasets/soma_unified_30k_20260516/humanml3d_smoke_20fps_20260517/hml3d_dataset"
}
2026年 05月 17日 星期日 18:35:21 CST
